// Jest Snapshot v1, https://goo.gl/fbAQLP

exports[`page - index should render 1`] = `
<main
  className="jsx-2656219300 sans-serif mw8 center"
>
  <header
    className="jsx-3038145414 fw3 mb3 h2"
  >
    <nav
      className="jsx-3038145414 pa3 fixed db w-100 left-0 flex justify-between bg-white-50"
    >
      <div
        className="jsx-3038145414 flex items-center"
      >
        <a
          className="link f6 f5-ns dib mr3 underline i no-underline underline-hover db"
          href="/"
          onClick={[Function]}
          onMouseEnter={[Function]}
          title="girlfriend technology"
        >
          <svg
            className="v-mid dib mr1 stroke-current"
            clipRule="evenodd"
            fillRule="evenodd"
            strokeLinecap="round"
            strokeLinejoin="round"
            viewBox="0 0 16 16"
            width="1.5rem"
            xmlns="http://www.w3.org/2000/svg"
          >
            <path
              d="M4.268 1.729A3.706 3.706 0 0 0 .58 5.418c0 4.047 2.997 7.378 6.64 7.378.629 0 1.239-.1 1.818-.285M2.055 5.418c0 3.238 2.331 5.902 5.165 5.902m2.951-8.116c1.214 0 2.213 1 2.213 2.214m1.067 2.533a8.002 8.002 0 0 0 .408-2.533 3.706 3.706 0 0 0-3.688-3.689A2.965 2.965 0 0 0 7.22 4.68a2.966 2.966 0 0 0-2.952-2.951m6.726 3.689c0 2.428-1.998 4.426-4.427 4.426 2.429 0 4.427 1.999 4.427 4.427 0-2.428 1.998-4.427 4.426-4.427-2.428 0-4.426-1.998-4.426-4.426"
              fill="none"
              stroke="#000"
              strokeWidth=".5"
            />
          </svg>
          girlfriend technology
        </a>
      </div>
      <div
        className="jsx-3038145414 flex-grow flex items-center"
      >
        <a
          className="link f6 f5-ns dib mr3 underline "
          href="/projects"
          onClick={[Function]}
          onMouseEnter={[Function]}
          title="projects"
        >
          projects
        </a>
        <a
          className="link f6 f5-ns dib mr3 underline "
          href="/labs"
          onClick={[Function]}
          onMouseEnter={[Function]}
          title="labs"
        >
          labs
        </a>
      </div>
    </nav>
  </header>
  <article
    className="vh-75 dt w-100 cover fw9 i f1 ph3 pv6 mw6 tc center lh-title hyphens-auto"
    style={Object {}}
  >
    <div
      className="dtc v-mid"
    >
      <svg
        className="v-mid stroke-current trace"
        clipRule="evenodd"
        fillRule="evenodd"
        strokeLinecap="round"
        strokeLinejoin="round"
        viewBox="0 0 16 16"
        xmlns="http://www.w3.org/2000/svg"
      >
        <path
          d="M4.268 1.729A3.706 3.706 0 0 0 .58 5.418c0 4.047 2.997 7.378 6.64 7.378.629 0 1.239-.1 1.818-.285M2.055 5.418c0 3.238 2.331 5.902 5.165 5.902m2.951-8.116c1.214 0 2.213 1 2.213 2.214m1.067 2.533a8.002 8.002 0 0 0 .408-2.533 3.706 3.706 0 0 0-3.688-3.689A2.965 2.965 0 0 0 7.22 4.68a2.966 2.966 0 0 0-2.952-2.951m6.726 3.689c0 2.428-1.998 4.426-4.427 4.426 2.429 0 4.427 1.999 4.427 4.427 0-2.428 1.998-4.427 4.426-4.427-2.428 0-4.426-1.998-4.426-4.426"
          fill="none"
          stroke="#000"
          strokeWidth=".5"
        />
      </svg>
      <span
        className="f1 measure-narrow lh-title mb1 dib  pa1 tracked-tight "
        style={
          Object {
            "backgroundColor": "#3a0023",
            "color": "#ff72c6",
          }
        }
      >
        apps for us
      </span>
    </div>
  </article>
  <footer
    className="left-0 right-0 absolute w-100 fw3 pv5 tc i"
  >
    <div
      className="mv2"
    >
      <a
        href="/privacy"
        onClick={[Function]}
        onMouseEnter={[Function]}
        title="privacy policy"
      >
        your privacy is important
      </a>
    </div>
    <p
      className="i"
    >
      Â© girlfriend technology 
      2020
    </p>
    <a
      className="mh2 no-underline underline-hover"
      href="https://melaniekat.com"
      title="with love from melanie kat"
    >
      with
      <svg
        className="v-mid dib mh1 stroke-current"
        clipRule="evenodd"
        fillRule="evenodd"
        strokeLinecap="round"
        strokeLinejoin="round"
        viewBox="0 0 16 16"
        width="1.5rem"
        xmlns="http://www.w3.org/2000/svg"
      >
        <path
          d="M4.268 1.729A3.706 3.706 0 0 0 .58 5.418c0 4.047 2.997 7.378 6.64 7.378.629 0 1.239-.1 1.818-.285M2.055 5.418c0 3.238 2.331 5.902 5.165 5.902m2.951-8.116c1.214 0 2.213 1 2.213 2.214m1.067 2.533a8.002 8.002 0 0 0 .408-2.533 3.706 3.706 0 0 0-3.688-3.689A2.965 2.965 0 0 0 7.22 4.68a2.966 2.966 0 0 0-2.952-2.951m6.726 3.689c0 2.428-1.998 4.426-4.427 4.426 2.429 0 4.427 1.999 4.427 4.427 0-2.428 1.998-4.427 4.426-4.427-2.428 0-4.426-1.998-4.426-4.426"
          fill="none"
          stroke="#000"
          strokeWidth=".5"
        />
      </svg>
      from melanie kat
    </a>
  </footer>
</main>
`;
